// Jest Snapshot v1, https://goo.gl/fbAQLP

exports[`Testing GifGridItem Should create GifGridItem with title and url correctly 1`] = `
<div
  className="card animate__animated animate__rubberBand"
>
  <img
    alt="Soy un título"
    src="https://foo"
  />
  <p>
    Soy un título
  </p>
</div>
`;
